C51 COMPILER V9.00   COMMPORT1                                                             05/09/2013 21:26:07 PAGE 1   


C51 COMPILER V9.00, COMPILATION OF MODULE COMMPORT1
OBJECT MODULE PLACED IN CommPort1.OBJ
COMPILER INVOKED BY: C:\Keil\C51\BIN\C51.EXE CommPort1.c BROWSE DEBUG OBJECTEXTEND

line level    source

   1          #include "define.h"
   2          
   3          #ifndef __COM1CFILE__
   4          #define __COM1CFILE__
   5          
   6          #ifdef _COM1
   7          xdata char COM1_rsBuf[COM1_RSBUF_LEN];  //定义COM0接收缓冲区
   8          //xdata char COM1_sBuf[COM1_RSBUF_LEN];
   9          
  10          xdata int COM1_RcvCount = 0;                            //定义COM0接收到的字符数
  11          xdata int COM1_SndCount = 0;                            //定义COM0要发送的字符数
  12          xdata int COM1_SndPosi = 0;                             //定义COM0要发送的当前字符索引
  13          bit COM1_RcvCompleted = 0;                      //定义COM0接收已完成标志
  14          bit COM1_SndCompleted = 0;                      //定义COM0发送已完成标志
  15          xdata unsigned char COM1_CET=0;                 //定义计数器
  16          
  17          xdata char COM1_PARITY=1;
  18          
  19          #ifdef _MODBUSSLAVE_COM1
              #include "modslv.h"
              #endif
  22          
  23          #include "CommPort1.h"
  24          
  25          void Init_COM1()
  26          {
  27   1      
  28   1              COM1_RcvCount = 0;      
  29   1              BRT =0xFD;      //Fosc /12 /(256-BRT) BRTx12 = 0; = 11059200 /12 /(256-X) = 9600*32 :X = 253 = 0xFD
  30   1      
  31   1              if (COM1_PARITY) //10位长度
  32   1              {
  33   2                      S2CON = 0xC0;
  34   2              }
  35   1              else
  36   1              {
  37   2                      S2CON = 0x40; 
  38   2              }
  39   1                                                //1为9位  可变BR 
  40   1                                                //S2SM0  S2SM1  S2SM2  S2REN  S2TB8  S2RB8  S2TI  S2RI
  41   1                                                //1        1     0       0      0      0      0     0
  42   1              AUXR = 0x10; //T0x12, T1x12, UART_M0x6, BRTR, S2SMOD, BRTx12, EXTRAM, S1BRS
  43   1      
  44   1              IE2 |= 0x01; //Enable ES2=1;
  45   1      
  46   1      }
  47          
  48          void COM1_Start_Sent()
  49          {
  50   1              IE2 |= 0x01; //Enable ES2=1;
  51   1              COM1_RcvCount=0;
  52   1              if (COM1_SndCount)
  53   1              {
  54   2                      if (COM1_PARITY==1)
  55   2                      {               //奇
C51 COMPILER V9.00   COMMPORT1                                                             05/09/2013 21:26:07 PAGE 2   

  56   3                              ACC=COM1_rsBuf[0];
  57   3                              if (P)
  58   3                              {
  59   4                                      S2CON |=8;
  60   4                                      S2BUF=COM1_rsBuf[0];
  61   4                              }
  62   3                              else
  63   3                              {
  64   4                                      S2CON &=0xF7;
  65   4                                      S2BUF=COM1_rsBuf[0];
  66   4                              }
  67   3                      }
  68   2                      else if (COM1_PARITY==2)
  69   2                      {       //偶
  70   3                              ACC=COM1_rsBuf[0];
  71   3                              if (P)
  72   3                              {
  73   4                                      S2CON &=0xF7;
  74   4                                      S2BUF=COM1_rsBuf[0];
  75   4                              }
  76   3                              else
  77   3                              {
  78   4                                      S2CON |=8;
  79   4                                      S2BUF=COM1_rsBuf[0];
  80   4                              }
  81   3                      }
  82   2                      else
  83   2                      { 
  84   3                              S2BUF=COM1_rsBuf[0];
  85   3                      }
  86   2                      COM1_SndPosi=1;
  87   2                      //S2CON &=0xEF; //S2REN=1; 禁止接收中断
  88   2              }
  89   1      }
  90          
  91          void COM1_Rcv()
  92          {
  93   1              if (COM1_RcvCount==0 && COM1_CET>=COM1_TIMEOUT)
  94   1              {
  95   2                      COM1_RcvCompleted = 1;
  96   2                      COM1_CET = 0;
  97   2              }
  98   1              else if (COM1_RcvCount>0 && COM1_CET>=COM1_RCVTIMEOUT)
  99   1              {
 100   2                      COM1_RcvCompleted = 1;
 101   2                      COM1_CET = 0;
 102   2                      //S2CON &=0xEF; //S2REN=1; 禁止接收中断
 103   2              }
 104   1              else
 105   1              {
 106   2                      COM1_CET++;
 107   2              }
 108   1              //P0 = COM1_CET;
 109   1      }
 110          
 111          void Serial1() interrupt 8      //串行通讯中断
 112          { 
 113   1              data unsigned char ch=0;
 114   1      
 115   1              COM1_CET=0;
 116   1              
 117   1              if (S2CON & 0x02)       //TI=1
C51 COMPILER V9.00   COMMPORT1                                                             05/09/2013 21:26:07 PAGE 3   

 118   1              {               //发送中断 
 119   2                      S2CON &= 0xFD;  //TI = 0;
 120   2                      if(COM1_SndPosi<COM1_SndCount)
 121   2                      {       //发送字符
 122   3                              
 123   3                              ch=COM1_rsBuf[COM1_SndPosi++];
 124   3                              if (COM1_PARITY==1)
 125   3                              {               //奇
 126   4                                      ACC = ch;
 127   4                                      if (P)
 128   4                                      {
 129   5                                              S2CON |=8;
 130   5                                              S2BUF=ch;
 131   5                                      }
 132   4                                      else
 133   4                                      {
 134   5                                              S2CON &=0xF7;
 135   5                                              S2BUF=ch;
 136   5                                      }
 137   4                              }
 138   3                              else if (COM1_PARITY==2)
 139   3                              {       //偶
 140   4                                      ACC = ch;
 141   4                                      if (P)
 142   4                                      {
 143   5                                              S2CON &=0xF7;
 144   5                                              S2BUF=ch;
 145   5                                      }
 146   4                                      else
 147   4                                      {
 148   5                                              S2CON |= 8;
 149   5                                              S2BUF=ch;
 150   5                                      }
 151   4                              }
 152   3                              else 
 153   3                                      S2BUF=ch;
 154   3                              
 155   3                      }
 156   2                      else
 157   2                      {               //发送完毕 
 158   3                              COM1_SndCount=0;
 159   3                              S2CON |=0x10; //S2REN=1; 允许接收中断
 160   3                      }
 161   2              }
 162   1              else    //RI=1
 163   1              {               //接收中断 
 164   2                      S2CON &= 0xFE;  //RI = 0;
 165   2                      ch=S2BUF;               
 166   2                      if (COM1_RcvCount>0 && COM1_RcvCount<COM1_RSBUF_LEN)//接收剩余字节 
 167   2                      {
 168   3                              COM1_rsBuf[COM1_RcvCount++]=ch;
 169   3                      }
 170   2                      else
 171   2                      {
 172   3                              if ((ch==COM1_rsBuf[0])) //判断接收到地址!
 173   3                              {
 174   4                                      COM1_rsBuf[0] = ch;
 175   4                                      COM1_RcvCount=1;
 176   4                              }
 177   3                              else
 178   3                              {
 179   4                                      COM1_RcvCount=0;
C51 COMPILER V9.00   COMMPORT1                                                             05/09/2013 21:26:07 PAGE 4   

 180   4                              }
 181   3                      }
 182   2              }
 183   1      }
 184          
 185          #endif
 186          #endif  //__COM0CFILE__


MODULE INFORMATION:   STATIC OVERLAYABLE
   CODE SIZE        =    421    ----
   CONSTANT SIZE    =   ----    ----
   XDATA SIZE       =    128    ----
   PDATA SIZE       =   ----    ----
   DATA SIZE        =   ----    ----
   IDATA SIZE       =   ----    ----
   BIT SIZE         =      2    ----
END OF MODULE INFORMATION.


C51 COMPILATION COMPLETE.  0 WARNING(S),  0 ERROR(S)
